🚀 Starting all services (PRODUCTION MODE)...
📁 Working dir: /home/rockbot/Documents/ai-tool/linkedin-job-finder
🐍 Using Python: /home/rockbot/Documents/ai-tool/linkedin-job-finder/venv/bin/python
📦 Using existing build
▶ Starting Next.js...

> nextjs@0.1.0 start
> next start

▲ Next.js 16.2.3
- Local:         http://localhost:3000
- Network:       http://192.168.18.146:3000
✓ Ready in 362ms
🌐 Opening http://localhost:3000
What do you want to run?
1) Both automation (scraper) and analyser
2) Just analyser

🛑 Stopping all services...
🚀 Starting all services (PRODUCTION MODE)...
📁 Working dir: /home/rockbot/Documents/ai-tool/linkedin-job-finder
🐍 Using Python: /home/rockbot/Documents/ai-tool/linkedin-job-finder/venv/bin/python
📦 Using existing build
▶ Starting Next.js...

> nextjs@0.1.0 start
> next start

▲ Next.js 16.2.3
- Local:         http://localhost:3000
- Network:       http://192.168.18.146:3000
✓ Ready in 346ms
🌐 Opening http://localhost:3000
What do you want to run?
1) Both automation (scraper) and analyser
2) Just analyser

🛑 Stopping all services...
🚀 Starting all services (PRODUCTION MODE)...
📁 Working dir: /home/rockbot/Documents/ai-tool/linkedin-job-finder
🐍 Using Python: /home/rockbot/Documents/ai-tool/linkedin-job-finder/venv/bin/python
📦 Using existing build
▶ Starting Next.js...

> nextjs@0.1.0 start
> next start

▲ Next.js 16.2.3
- Local:         http://localhost:3000
- Network:       http://192.168.18.146:3000
✓ Ready in 374ms
🌐 Opening http://localhost:3000
What do you want to run?
1) Both automation (scraper) and analyser
2) Just analyser

🛑 Stopping all services...
🚀 Starting all services (PRODUCTION MODE)...
📁 Working dir: /home/rockbot/Documents/ai-tool/linkedin-job-finder
🐍 Using Python: /home/rockbot/Documents/ai-tool/linkedin-job-finder/venv/bin/python
📦 Using existing build
▶ Starting Next.js...

> nextjs@0.1.0 start
> next start

▲ Next.js 16.2.3
- Local:         http://localhost:3000
- Network:       http://192.168.18.146:3000
✓ Ready in 390ms
🌐 Opening http://localhost:3000
What do you want to run?
1) Both automation (scraper) and analyser
2) Just analyser

🛑 Stopping all services...
🚀 Starting all services (PRODUCTION MODE)...
📁 Working dir: /home/rockbot/Documents/ai-tool/linkedin-job-finder
🐍 Using Python: /home/rockbot/Documents/ai-tool/linkedin-job-finder/venv/bin/python
📦 Using existing build
▶ Starting Next.js...

> nextjs@0.1.0 start
> next start

▲ Next.js 16.2.3
- Local:         http://localhost:3000
- Network:       http://192.168.18.146:3000
✓ Ready in 369ms
🌐 Opening http://localhost:3000
What do you want to run?
1) Both automation (scraper) and analyser
2) Just analyser

🛑 Stopping all services...
🚀 Starting all services (PRODUCTION MODE)...
📁 Working dir: /home/rockbot/Documents/ai-tool/linkedin-job-finder
🐍 Using Python: /home/rockbot/Documents/ai-tool/linkedin-job-finder/venv/bin/python
📦 Using existing build
▶ Starting Next.js...

> nextjs@0.1.0 start
> next start

▲ Next.js 16.2.3
- Local:         http://localhost:3000
- Network:       http://192.168.18.146:3000
✓ Ready in 331ms
🌐 Opening http://localhost:3000
What do you want to run?
1) Both automation (scraper) and analyser
2) Just analyser

🛑 Stopping all services...
🚀 Starting all services (PRODUCTION MODE)...
📁 Working dir: /home/rockbot/Documents/ai-tool/linkedin-job-finder
🐍 Using Python: /home/rockbot/Documents/ai-tool/linkedin-job-finder/venv/bin/python
📦 Using existing build
▶ Starting Next.js...

> nextjs@0.1.0 start
> next start

▲ Next.js 16.2.3
- Local:         http://localhost:3000
- Network:       http://192.168.18.146:3000
✓ Ready in 260ms
🌐 Opening http://localhost:3000
What do you want to run?
1) Both automation (scraper) and analyser
2) Just analyser

🛑 Stopping all services...
🚀 Starting all services (PRODUCTION MODE)...
📁 Working dir: /home/rockbot/Documents/ai-tool/linkedin-job-finder
🐍 Using Python: /home/rockbot/Documents/ai-tool/linkedin-job-finder/venv/bin/python
📦 Using existing build
▶ Starting Next.js...

> nextjs@0.1.0 start
> next start

▲ Next.js 16.2.3
- Local:         http://localhost:3000
- Network:       http://192.168.18.146:3000
✓ Ready in 352ms
🌐 Opening http://localhost:3000
What do you want to run?
1) Both automation (scraper) and analyser
2) Just analyser

🛑 Stopping all services...
🚀 Starting all services (PRODUCTION MODE)...
📁 Working dir: /home/rockbot/Documents/ai-tool/linkedin-job-finder
🐍 Using Python: /home/rockbot/Documents/ai-tool/linkedin-job-finder/venv/bin/python
📦 Using existing build
▶ Starting Next.js...

> nextjs@0.1.0 start
> next start

▲ Next.js 16.2.3
- Local:         http://localhost:3000
- Network:       http://192.168.18.146:3000
✓ Ready in 364ms
🌐 Opening http://localhost:3000
What do you want to run?
1) Both automation (scraper) and analyser
2) Just analyser

🛑 Stopping all services...
🚀 Starting all services (PRODUCTION MODE)...
📁 Working dir: /home/rockbot/Documents/ai-tool/linkedin-job-finder
🐍 Using Python: /home/rockbot/Documents/ai-tool/linkedin-job-finder/venv/bin/python
📦 Using existing build
▶ Starting Next.js...

> nextjs@0.1.0 start
> next start

▲ Next.js 16.2.3
- Local:         http://localhost:3000
- Network:       http://192.168.18.146:3000
✓ Ready in 309ms
🌐 Opening http://localhost:3000
What do you want to run?
1) Both automation (scraper) and analyser
2) Just analyser

🛑 Stopping all services...
🚀 Starting all services (PRODUCTION MODE)...
📁 Working dir: /home/rockbot/Documents/ai-tool/linkedin-job-finder
🐍 Using Python: /home/rockbot/Documents/ai-tool/linkedin-job-finder/venv/bin/python
📦 Using existing build
▶ Starting Next.js...

> nextjs@0.1.0 start
> next start

▲ Next.js 16.2.3
- Local:         http://localhost:3000
- Network:       http://192.168.18.146:3000
✓ Ready in 334ms
🌐 Opening http://localhost:3000
What do you want to run?
1) Both automation (scraper) and analyser
2) Just analyser

🛑 Stopping all services...
🚀 Starting all services (PRODUCTION MODE)...
📁 Working dir: /home/rockbot/Documents/ai-tool/linkedin-job-finder
🐍 Using Python: /home/rockbot/Documents/ai-tool/linkedin-job-finder/venv/bin/python
📦 Using existing build
▶ Starting Next.js...

> nextjs@0.1.0 start
> next start

▲ Next.js 16.2.3
- Local:         http://localhost:3000
- Network:       http://192.168.18.146:3000
✓ Ready in 334ms
🌐 Opening http://localhost:3000
What do you want to run?
1) Both automation (scraper) and analyser
2) Just analyser

🛑 Stopping all services...
🚀 Starting all services (PRODUCTION MODE)...
📁 Working dir: /home/rockbot/Documents/ai-tool/linkedin-job-finder
🐍 Using Python: /home/rockbot/Documents/ai-tool/linkedin-job-finder/venv/bin/python
📦 Using existing build
▶ Starting Next.js...

> nextjs@0.1.0 start
> next start

▲ Next.js 16.2.3
- Local:         http://localhost:3000
- Network:       http://192.168.18.146:3000
✓ Ready in 358ms
🌐 Opening http://localhost:3000
What do you want to run?
1) Both automation (scraper) and analyser
2) Just analyser

🛑 Stopping all services...
🚀 Starting all services (PRODUCTION MODE)...
📁 Working dir: /home/rockbot/Documents/ai-tool/linkedin-job-finder
🐍 Using Python: /home/rockbot/Documents/ai-tool/linkedin-job-finder/venv/bin/python
📦 Using existing build
▶ Starting Next.js...

> nextjs@0.1.0 start
> next start

▲ Next.js 16.2.3
- Local:         http://localhost:3000
- Network:       http://192.168.18.146:3000
✓ Ready in 291ms
🌐 Opening http://localhost:3000
What do you want to run?
1) Both automation (scraper) and analyser
2) Just analyser

🛑 Stopping all services...
🚀 Starting all services (PRODUCTION MODE)...
📁 Working dir: /home/rockbot/Documents/ai-tool/linkedin-job-finder
🐍 Using Python: /home/rockbot/Documents/ai-tool/linkedin-job-finder/venv/bin/python
📦 Using existing build
▶ Starting Next.js...

> nextjs@0.1.0 start
> next start

▲ Next.js 16.2.3
- Local:         http://localhost:3000
- Network:       http://192.168.18.146:3000
✓ Ready in 271ms
🌐 Opening http://localhost:3000
What do you want to run?
1) Both automation (scraper) and analyser
2) Just analyser

🛑 Stopping all services...
🚀 Starting all services (PRODUCTION MODE)...
📁 Working dir: /home/rockbot/Documents/ai-tool/linkedin-job-finder
🐍 Using Python: /home/rockbot/Documents/ai-tool/linkedin-job-finder/venv/bin/python
📦 Using existing build
▶ Starting Next.js...

> nextjs@0.1.0 start
> next start

▲ Next.js 16.2.3
- Local:         http://localhost:3000
- Network:       http://192.168.18.146:3000
✓ Ready in 371ms
🌐 Opening http://localhost:3000
What do you want to run?
1) Both automation (scraper) and analyser
2) Just analyser

🛑 Stopping all services...
🚀 Starting all services (PRODUCTION MODE)...
📁 Working dir: /home/rockbot/Documents/ai-tool/linkedin-job-finder
🐍 Using Python: /home/rockbot/Documents/ai-tool/linkedin-job-finder/venv/bin/python
📦 Using existing build
▶ Starting Next.js...

> nextjs@0.1.0 start
> next start

▲ Next.js 16.2.3
- Local:         http://localhost:3000
- Network:       http://192.168.18.146:3000
✓ Ready in 295ms
🌐 Opening http://localhost:3000
What do you want to run?
1) Both automation (scraper) and analyser
2) Just analyser

🛑 Stopping all services...
🚀 Starting all services (PRODUCTION MODE)...
📁 Working dir: /home/rockbot/Documents/ai-tool/linkedin-job-finder
🐍 Using Python: /home/rockbot/Documents/ai-tool/linkedin-job-finder/venv/bin/python
📦 Using existing build
▶ Starting Next.js...

> nextjs@0.1.0 start
> next start

▲ Next.js 16.2.3
- Local:         http://localhost:3000
- Network:       http://192.168.18.146:3000
✓ Ready in 312ms
🌐 Opening http://localhost:3000
What do you want to run?
1) Both automation (scraper) and analyser
2) Just analyser

🛑 Stopping all services...
🚀 Starting all services (PRODUCTION MODE)...
📁 Working dir: /home/rockbot/Documents/ai-tool/linkedin-job-finder
🐍 Using Python: /home/rockbot/Documents/ai-tool/linkedin-job-finder/venv/bin/python
📦 Using existing build
▶ Starting Next.js...

> nextjs@0.1.0 start
> next start

▲ Next.js 16.2.3
- Local:         http://localhost:3000
- Network:       http://192.168.18.146:3000
✓ Ready in 318ms
🌐 Opening http://localhost:3000
What do you want to run?
1) Both automation (scraper) and analyser
2) Just analyser

🛑 Stopping all services...
🚀 Starting all services (PRODUCTION MODE)...
📁 Working dir: /home/rockbot/Documents/ai-tool/linkedin-job-finder
🐍 Using Python: /home/rockbot/Documents/ai-tool/linkedin-job-finder/venv/bin/python
📦 Using existing build
▶ Starting Next.js...

> nextjs@0.1.0 start
> next start

▲ Next.js 16.2.3
- Local:         http://localhost:3000
- Network:       http://192.168.18.146:3000
✓ Ready in 329ms
🌐 Opening http://localhost:3000
What do you want to run?
1) Both automation (scraper) and analyser
2) Just analyser

🛑 Stopping all services...
🚀 Starting all services (PRODUCTION MODE)...
📁 Working dir: /home/rockbot/Documents/ai-tool/linkedin-job-finder
🐍 Using Python: /home/rockbot/Documents/ai-tool/linkedin-job-finder/venv/bin/python
📦 Using existing build
▶ Starting Next.js...

> nextjs@0.1.0 start
> next start

▲ Next.js 16.2.3
- Local:         http://localhost:3000
- Network:       http://192.168.18.146:3000
✓ Ready in 365ms
🌐 Opening http://localhost:3000
What do you want to run?
1) Both automation (scraper) and analyser
2) Just analyser

🛑 Stopping all services...
🚀 Starting all services (PRODUCTION MODE)...
📁 Working dir: /home/rockbot/Documents/ai-tool/linkedin-job-finder
🐍 Using Python: /home/rockbot/Documents/ai-tool/linkedin-job-finder/venv/bin/python
📦 Using existing build
▶ Starting Next.js...

> nextjs@0.1.0 start
> next start

▲ Next.js 16.2.3
- Local:         http://localhost:3000
- Network:       http://192.168.18.146:3000
✓ Ready in 274ms
🌐 Opening http://localhost:3000
What do you want to run?
1) Both automation (scraper) and analyser
2) Just analyser

🛑 Stopping all services...
🚀 Starting all services (PRODUCTION MODE)...
📁 Working dir: /home/rockbot/Documents/ai-tool/linkedin-job-finder
🐍 Using Python: /home/rockbot/Documents/ai-tool/linkedin-job-finder/venv/bin/python
📦 Using existing build
▶ Starting Next.js...

> nextjs@0.1.0 start
> next start

▲ Next.js 16.2.3
- Local:         http://localhost:3000
- Network:       http://192.168.18.146:3000
✓ Ready in 269ms
🌐 Opening http://localhost:3000
What do you want to run?
1) Both automation (scraper) and analyser
2) Just analyser

🛑 Stopping all services...
🚀 Starting all services (PRODUCTION MODE)...
📁 Working dir: /home/rockbot/Documents/ai-tool/linkedin-job-finder
🐍 Using Python: /home/rockbot/Documents/ai-tool/linkedin-job-finder/venv/bin/python
📦 Using existing build
▶ Starting Next.js...

> nextjs@0.1.0 start
> next start

▲ Next.js 16.2.3
- Local:         http://localhost:3000
- Network:       http://192.168.18.146:3000
✓ Ready in 387ms
🌐 Opening http://localhost:3000
What do you want to run?
1) Both automation (scraper) and analyser
2) Just analyser

🛑 Stopping all services...
